
[1m[46m RUN [49m[22m [36mv4.0.18 [39m[90mC:/2026/tradeAutomate[39m

 [2m[90mΓåô[39m[22m tests/backend/planned_features.test.ts [2m([22m[2m8 tests[22m[2m | [22m[33m8 skipped[39m[2m)[22m
 [2m[90mΓåô[39m[22m tests/backend/copy_trading.test.ts [2m([22m[2m4 tests[22m[2m | [22m[33m4 skipped[39m[2m)[22m
 [32mΓ£ô[39m tests/frontend/example.test.tsx [2m([22m[2m1 test[22m[2m)[22m[32m 32[2mms[22m[39m
 [32mΓ£ô[39m tests/backend/example.test.ts [2m([22m[2m1 test[22m[2m)[22m[32m 26[2mms[22m[39m
 [32mΓ£ô[39m tests/backend/core.test.ts [2m([22m[2m2 tests[22m[2m)[22m[32m 64[2mms[22m[39m
[90mstdout[2m | tests/backend/notifications.test.ts[2m > [22m[2mNotifications & Alerts API Tests[2m > [22m[2mPOST /api/signals should reject duplicate signals within 2 hours
[22m[39mBlocked duplicate signal for ETH SELL

 [32mΓ£ô[39m tests/backend/notifications.test.ts [2m([22m[2m2 tests[22m[2m)[22m[32m 68[2mms[22m[39m
 [31mΓ¥»[39m tests/e2e/example.spec.ts [2m([22m[2m0 test[22m[2m)[22m

[2m Test Files [22m [1m[31m1 failed[39m[22m[2m | [22m[1m[32m4 passed[39m[22m[2m | [22m[33m2 skipped[39m[90m (7)[39m
[2m      Tests [22m [1m[32m6 passed[39m[22m[2m | [22m[90m12 todo[39m[90m (18)[39m
[2m   Start at [22m 09:38:49
[2m   Duration [22m 3.93s[2m (transform 472ms, setup 1.66s, import 3.13s, tests 189ms, environment 9.78s)[22m

